// Jest Snapshot v1, https://goo.gl/fbAQLP

exports[`Pruebas en <FirstApp/> Debe hacer match con el snapshot 1`] = `
<div>
  <h1
    data-testid="test-title"
  >
    Hola, soy Gok√∫
  </h1>
  <h1>
    No hay subtitle
  </h1>
  <h1>
    No hay subtitle
  </h1>
  <h1>
    Checho
  </h1>
</div>
`;
