// Jest Snapshot v1, https://goo.gl/fbAQLP

exports[`Pruebas en <toMatchSnapshot/> Debe hacer match con el snapshot 1`] = `
<div>
  <tomatchsnapshot
    title="Hola, soy GokÃº"
  />
</div>
`;
