// Jest Snapshot v1, https://goo.gl/fbAQLP

exports[`Pruebas en Search Debe de mostrarse correctamente con valores por defecto 1`] = `
<div>
  <h1>
    SearchtTest
  </h1>
  <hr />
  <div
    class="row"
  >
    <div
      class="col-5"
    >
      <h4>
        Searching...
      </h4>
      <hr />
      <form>
        <input
          autocomplete="off"
          class="form-control"
          name="searchText"
          placeholder="SearchtTest a hero"
          type="text"
          value=""
        />
        <button
          class="btn btn-outline-primary mt-1"
        >
          SearchtTest
        </button>
      </form>
    </div>
    <div
      class="col-7"
    >
      <h4>
        Results
      </h4>
      <hr />
      <div
        class="alert alert-primary animate__animated animate__fadeInLeft"
      >
        SearchtTest a hero
      </div>
      <div
        class="alert alert-danger animate__animated animate__fadeInLeft"
        style="display: none;"
      >
        Sorry!! I donÂ´t have the hero with name 
        <strong />
      </div>
    </div>
  </div>
</div>
`;
